ClusterID       URLs
ClusterID       URLs
srv1            http://1.1.1.1
ClusterID       URLs
srv1            http://1.1.1.1
ClusterID       URLs
srv0            http://2.2.2.2
srv1            http://1.1.1.1
ClusterID       URLs
srv0            http://2.2.2.2,http://4.4.4.4
srv1            http://3.3.3.3
