$DIR:
  a.txt
  b

$DIR/b:
  c.txt
  d.txt
h
i
j
i.txt
