abc.txt
some content
abc.txt
def.txt
some content
