$BUCKET_1 bucket created
PUT object_1.txt into bucket $BUCKET_1
0123456789
