$BUCKET bucket created
COMPOSE object.txt of size 20 into bucket $BUCKET
0123456789abcdefghi
COMPOSE object1.txt of size 7 into bucket $BUCKET
012345