$BUCKET_1 bucket created
Bucket "$BUCKET_1" already exists
$BUCKET_1 bucket destroyed
