Name			Size	Version
tmp/shard-0.tar		2.50KiB	1
tmp/shard-1.tar		2.50KiB	1
tmp/shard-2.tar		2.50KiB	1
tmp/shard-3.tar		2.50KiB	1
tmp/shard-4.tar		2.50KiB	1
Name			Size	Version
tmp/shard-0.tar		2.50KiB	1
tmp/shard-1.tar		2.50KiB	1
tmp/shard-2.tar		2.50KiB	1
tmp/shard-3.tar		2.50KiB	1
tmp/shard-4.tar		2.50KiB	1
Name			Size	Version
tmp/shard-0.tar		2.50KiB	1
tmp/shard-1.tar		2.50KiB	1
tmp/shard-2.tar		2.50KiB	1
tmp/shard-3.tar		2.50KiB	1
tmp/shard-4.tar		2.50KiB	1
Name			Size	Version
tmp/shard-0.tar		2.50KiB	1
tmp/shard-1.tar		2.50KiB	1
tmp/shard-2.tar		2.50KiB	1
tmp/shard-3.tar		2.50KiB	1
tmp/shard-4.tar		2.50KiB	1
$BUCKET_1 bucket destroyed
