$BUCKET_1 bucket created
PUT object_1.txt into bucket ais://$BUCKET_1
PUT object_2.txt into bucket $BUCKET_1
Name			Size	Version
object_1.txt		11B	1
object_2.txt		11B	1
PUT object_1.txt into bucket $BUCKET_1
PUT object_3.txt into bucket $BUCKET_1
Name			Size	Version
object_1.txt		2B	2
object_2.txt		11B	1
object_3.txt        11B 1
$BUCKET_2 bucket created
25
25
$BUCKET_3 bucket created
9
9
$BUCKET_4 bucket created
25
25
$BUCKET_5 bucket created
25
25
