Bucket "$BUCKET_2" doesnotexist
To check the status, run: ais show xaction renamelb $BUCKET_2
$BUCKET_2 bucket destroyed
