$BUCKET_1 bucket created
PUT object_1.txt into bucket $BUCKET_1
Checksum		Size	Atime			Iscached	Version	Copies	Ec
^05967d5390ac53b0 11B (.*) true 1 1 -$
Size	Version
11B	1
