"ais://$BUCKET_1" created
"ais://$BUCKET_2" created
PUT "obj_1.txt" to ais://$BUCKET_1
PUT "obj_2.txt" to ais://$BUCKET_1
PUT "obj_3.txt" to ais://$BUCKET_1
^Creat.*$
^Creat.*$
^APPEND .* to object "ais://$BUCKET_2/tmpl.tar\[/fourth.txt\]".*$
5
6
