"ais://$BUCKET_1" created
"ais://$BUCKET_2" created
NAME	 OBJECTS	 SIZE	 USED %
ais://$BUCKET_1	 0	 0B	 0.00%
NAME	 OBJECTS	 SIZE	 USED %
ais://$BUCKET_1	 150  375.00KiB	 0.00%
NAME	 OBJECTS	 SIZE	 USED %
ais://$BUCKET_2	 20  320.00KiB	 0.00%
