"$BUCKET_1" bucket created
Bucket props successfully updated
PROPERTY	 VALUE
access		 GET,HEAD-OBJECT,PUT,APPEND,COLD-GET,DELETE-OBJECT,RENAME-OBJECT,PROMOTE,HEAD-BUCKET,LIST-OBJECTS,RENAME-BUCKET,PATCH,MAKE-NCOPIES,SYNC-BUCKET,DELETE-BUCKET
checksum	 Type: xxhash | Validate: ColdGET
^created.*$
ec		 Disabled
lru		 Watermarks: 75%/90% | Do not evict time: 120m | OOS: 95%
mirror		 2 copies
provider	 ais
versioning	 Enabled | Validate on WarmGET: no
Bucket props successfully reset
Bucket props successfully updated
PROPERTY	 VALUE
access		 GET,HEAD-OBJECT,PUT,APPEND,COLD-GET,DELETE-OBJECT,RENAME-OBJECT,PROMOTE,HEAD-BUCKET,LIST-OBJECTS,RENAME-BUCKET,PATCH,MAKE-NCOPIES,SYNC-BUCKET,DELETE-BUCKET
checksum	 Type: xxhash | Validate: ColdGET
^created.*$
ec		 Disabled
lru		 Watermarks: 75%/90% | Do not evict time: 120m | OOS: 95%
mirror		 Disabled
provider	 ais
versioning	 Enabled | Validate on WarmGET: yes
PROPERTY		 VALUE
lru.capacity_upd_time	 10m
lru.dont_evict_time	 120m
lru.enabled		 true
lru.highwm		 90
lru.lowwm		 75
lru.out_of_space	 95
