"$BUCKET" bucket created
COMPOSE "object.txt" [20B] into bucket "$BUCKET"
0123456789abcdefghi
COMPOSE "object1.txt" [7B] into bucket "$BUCKET"
012345