"$BUCKET_1" bucket created
"$BUCKET_2" bucket created
Bucket copy operation ("$BUCKET_1" => "$BUCKET_2") is in progress.
To check the status, run: ais show xaction copybck $BUCKET_2
DAEMON ID	 ID	 KIND	 BUCKET	 OBJECTS	 BYTES	 START	 END	 ABORTED
DAEMON ID	 ID	 KIND	 BUCKET	 OBJECTS	 BYTES	 START	 END	 ABORTED
