"$BUCKET_1" bucket created
Bucket "$BUCKET_1" already exists
"$BUCKET_1" bucket destroyed
"$BUCKET_2" bucket created
Bucket "$BUCKET_2" already exists
"$BUCKET_2" bucket destroyed
"ais://$BUCKET_3" bucket created
"ais://#ml/$BUCKET_1" bucket created
