^download.*finished$
Done: 1 file downloaded, 0 errors
^download.*finished$
Done: 3 files downloaded (skipped: 1), 0 errors
^download.*finished$
Done: 2 files downloaded, 0 errors
