NAME			 SIZE	 VERSION
tmp/shard-0.tar		 2.50KiB	 1
tmp/shard-1.tar		 2.50KiB	 1
tmp/shard-2.tar		 2.50KiB	 1
tmp/shard-3.tar		 2.50KiB	 1
tmp/shard-4.tar		 2.50KiB	 1
NAME			 SIZE	 VERSION
tmp/shard-0.tar		 2.50KiB	 1
tmp/shard-1.tar		 2.50KiB	 1
tmp/shard-2.tar		 2.50KiB	 1
tmp/shard-3.tar		 2.50KiB	 1
tmp/shard-4.tar		 2.50KiB	 1
NAME			 SIZE	 VERSION
tmp/shard-0.tar		 2.50KiB	 1
tmp/shard-1.tar		 2.50KiB	 1
tmp/shard-2.tar		 2.50KiB	 1
tmp/shard-3.tar		 2.50KiB	 1
tmp/shard-4.tar		 2.50KiB	 1
NAME		 SIZE		 VERSION		 CHECKSUM			 ATIME	 CACHED	 TARGET URL			 STATUS	 COPIES
^tmp/shard-0.tar	 2.50KiB	 1	 (.*)	 .{16}	 yes		 https?://(.*)	 ok	 1$
^tmp/shard-1.tar	 2.50KiB	 1	 (.*)	 .{16}	 yes		 https?://(.*)	 ok	 1$
^tmp/shard-2.tar	 2.50KiB	 1	 (.*)	 .{16}	 yes		 https?://(.*)	 ok	 1$
^tmp/shard-3.tar	 2.50KiB	 1	 (.*)	 .{16}	 yes		 https?://(.*)	 ok	 1$
^tmp/shard-4.tar	 2.50KiB	 1	 (.*)	 .{16}	 yes		 https?://(.*)	 ok	 1$
NAME			 SIZE	 VERSION
tmp/shard-0.tar		 2.50KiB	 1
tmp/shard-1.tar		 2.50KiB	 1
tmp/shard-2.tar		 2.50KiB	 1
tmp/shard-3.tar		 2.50KiB	 1
tmp/shard-4.tar		 2.50KiB	 1
"$BUCKET_1" bucket destroyed
