"$BUCKET" bucket created
"$BUCKET" bucket destroyed