"$BUCKET_1" bucket created
"$BUCKET_1" bucket destroyed
