PUT "object.txt" to ais://$BUCKET
deleted "object.txt" from ais://$BUCKET
