PROPERTY         VALUE
^atime(.*)$
checksum         05967d5390ac53b0
name             ais://$BUCKET_1/object_1.txt
size             11B
PROPERTY         VALUE
size             11B
version          1
PROPERTY         VALUE
^atime(.*)$
cached           yes
checksum         05967d5390ac53b0
copies           1
custom           []
ec               -
name             ais://$BUCKET_1/object_1.txt
size             11B
version          1
