Bucket 's3://$BUCKET/' created
Bucket props successfully updated
"checksum.type" set to:"md5" (was:"xxhash")
1
0123456789
Bucket 's3://$BUCKET/' removed
