make_bucket: $BUCKET
^(.*) $BUCKET$
remove_bucket: $BUCKET
